../Core/Src/main.c:628:5:main	8	static
../Core/Src/main.c:689:6:SystemClock_Config	88	static
../Core/Src/main.c:737:13:MX_USART2_UART_Init	8	static
../Core/Src/main.c:770:13:MX_GPIO_Init	48	static
../Core/Src/main.c:830:6:Data_Write	24	static
../Core/Src/main.c:843:6:GLCD_WriteCommand	16	static
../Core/Src/main.c:855:6:GLCD_WriteData	16	static
../Core/Src/main.c:867:6:GLCD_Initialize	8	static
../Core/Src/main.c:883:6:GLCD_PageSelect	16	static
../Core/Src/main.c:910:6:GLCD_PrintChar	24	static
../Core/Src/main.c:919:6:GLCD_SetCursor	16	static
../Core/Src/main.c:926:6:GLCD_CreateImage	64	static
../Core/Src/main.c:950:6:GLCD_WriteString	32	static
../Core/Src/main.c:966:6:GLCD_ClearAll	16	static
../Core/Src/main.c:988:6:Error_Handler	4	static,ignoring_inline_asm
