20:57:05 **** Incremental Build of configuration Debug for project 1_Led_Blink ****
make -j12 all 
arm-none-eabi-gcc "../Core/Src/main.c" -mcpu=cortex-m3 -std=gnu11 -g3 -DDEBUG -DUSE_HAL_DRIVER -DSTM32F103xB -c -I../Core/Inc -I../Drivers/STM32F1xx_HAL_Driver/Inc/Legacy -I../Drivers/STM32F1xx_HAL_Driver/Inc -I../Drivers/CMSIS/Device/ST/STM32F1xx/Include -I../Drivers/CMSIS/Include -O0 -ffunction-sections -fdata-sections -Wall -fstack-usage -fcyclomatic-complexity -MMD -MP -MF"Core/Src/main.d" -MT"Core/Src/main.o" --specs=nano.specs -mfloat-abi=soft -mthumb -o "Core/Src/main.o"
arm-none-eabi-gcc -o "1_Led_Blink.elf" @"objects.list"   -mcpu=cortex-m3 -T"C:\Users\Sofcon_Lab2\Desktop\STM32 Proteus Blue pill\STM32F103C8TX_FLASH.ld" --specs=nosys.specs -Wl,-Map="1_Led_Blink.map" -Wl,--gc-sections -static --specs=nano.specs -mfloat-abi=soft -mthumb -Wl,--start-group -lc -lm -Wl,--end-group
Finished building target: 1_Led_Blink.elf
 
arm-none-eabi-size   1_Led_Blink.elf 
arm-none-eabi-objdump -h -S  1_Led_Blink.elf  > "1_Led_Blink.list"
arm-none-eabi-objcopy  -O ihex  1_Led_Blink.elf  "1_Led_Blink.hex"
arm-none-eabi-objcopy  -O binary  1_Led_Blink.elf  "1_Led_Blink.bin"
   text	   data	    bss	    dec	    hex	filename
   4648	     20	   1572	   6240	   1860	1_Led_Blink.elf
Finished building: default.size.stdout
 
Finished building: 1_Led_Blink.hex
Finished building: 1_Led_Blink.bin
 
 
Finished building: 1_Led_Blink.list
 

20:57:06 Build Finished. 0 errors, 0 warnings. (took 663ms)

