00:37:52 **** Incremental Build of configuration Debug for project 7 segment single word ****
make -j12 all 
arm-none-eabi-gcc "../Core/Src/main.c" -mcpu=cortex-m4 -std=gnu11 -g3 -DDEBUG -DUSE_HAL_DRIVER -DSTM32F446xx -c -I../Core/Inc -I../Drivers/STM32F4xx_HAL_Driver/Inc -I../Drivers/STM32F4xx_HAL_Driver/Inc/Legacy -I../Drivers/CMSIS/Device/ST/STM32F4xx/Include -I../Drivers/CMSIS/Include -O0 -ffunction-sections -fdata-sections -Wall -fstack-usage -fcyclomatic-complexity -MMD -MP -MF"Core/Src/main.d" -MT"Core/Src/main.o" --specs=nano.specs -mfpu=fpv4-sp-d16 -mfloat-abi=hard -mthumb -o "Core/Src/main.o"
arm-none-eabi-gcc -o "7 segment single word.elf" @"objects.list"   -mcpu=cortex-m4 -T"C:\Users\Sofcon_Lab2\STM32CubeIDE\workspace_1.12.1\7 segment single word\STM32F446RETX_FLASH.ld" --specs=nosys.specs -Wl,-Map="7 segment single word.map" -Wl,--gc-sections -static --specs=nano.specs -mfpu=fpv4-sp-d16 -mfloat-abi=hard -mthumb -Wl,--start-group -lc -lm -Wl,--end-group
Finished building target: 7 segment single word.elf
 
arm-none-eabi-size   7\ segment\ single\ word.elf 
arm-none-eabi-objdump -h -S  7\ segment\ single\ word.elf  > "7 segment single word.list"
   text	   data	    bss	    dec	    hex	filename
   8808	     20	   1636	  10464	   28e0	7 segment single word.elf
Finished building: default.size.stdout
 
Finished building: 7 segment single word.list
 

00:37:52 Build Finished. 0 errors, 0 warnings. (took 590ms)

