02:33:26 **** Incremental Build of configuration Debug for project 8led by array ****
make -j12 all 
arm-none-eabi-gcc "../Core/Src/main.c" -mcpu=cortex-m4 -std=gnu11 -g3 -DDEBUG -DUSE_HAL_DRIVER -DSTM32F446xx -c -I../Core/Inc -I../Drivers/STM32F4xx_HAL_Driver/Inc -I../Drivers/STM32F4xx_HAL_Driver/Inc/Legacy -I../Drivers/CMSIS/Device/ST/STM32F4xx/Include -I../Drivers/CMSIS/Include -O0 -ffunction-sections -fdata-sections -Wall -fstack-usage -fcyclomatic-complexity -MMD -MP -MF"Core/Src/main.d" -MT"Core/Src/main.o" --specs=nano.specs -mfpu=fpv4-sp-d16 -mfloat-abi=hard -mthumb -o "Core/Src/main.o"
../Core/Src/main.c: In function 'main':
../Core/Src/main.c:97:12: warning: unused variable 'i' [-Wunused-variable]
   97 |   uint16_t i=0;
      |            ^
arm-none-eabi-gcc -o "8led by array.elf" @"objects.list"   -mcpu=cortex-m4 -T"C:\Users\Sofcon_Lab2\STM32CubeIDE\workspace_1.12.1\8led by array\STM32F446RETX_FLASH.ld" --specs=nosys.specs -Wl,-Map="8led by array.map" -Wl,--gc-sections -static --specs=nano.specs -mfpu=fpv4-sp-d16 -mfloat-abi=hard -mthumb -Wl,--start-group -lc -lm -Wl,--end-group
Finished building target: 8led by array.elf
 
arm-none-eabi-size   8led\ by\ array.elf 
arm-none-eabi-objdump -h -S  8led\ by\ array.elf  > "8led by array.list"
   text	   data	    bss	    dec	    hex	filename
   8748	     20	   1636	  10404	   28a4	8led by array.elf
Finished building: default.size.stdout
 
Finished building: 8led by array.list
 

02:33:26 Build Finished. 0 errors, 1 warnings. (took 595ms)

