01:07:11 **** Build of configuration Debug for project ADC Multiplt channel Read ****
make -j12 all 
arm-none-eabi-gcc "../Core/Src/main.c" -mcpu=cortex-m4 -std=gnu11 -g3 -DDEBUG -DUSE_HAL_DRIVER -DSTM32F446xx -c -I../Core/Inc -I../Drivers/STM32F4xx_HAL_Driver/Inc -I../Drivers/STM32F4xx_HAL_Driver/Inc/Legacy -I../Drivers/CMSIS/Device/ST/STM32F4xx/Include -I../Drivers/CMSIS/Include -O0 -ffunction-sections -fdata-sections -Wall -fstack-usage -fcyclomatic-complexity -MMD -MP -MF"Core/Src/main.d" -MT"Core/Src/main.o" --specs=nano.specs -mfpu=fpv4-sp-d16 -mfloat-abi=hard -mthumb -o "Core/Src/main.o"
arm-none-eabi-gcc -o "ADC Multiplt channel Read.elf" @"objects.list"   -mcpu=cortex-m4 -T"C:\Users\Sofcon_Lab2\STM32CubeIDE\workspace_1.12.1\ADC Multiplt channel Read\STM32F446RETX_FLASH.ld" --specs=nosys.specs -Wl,-Map="ADC Multiplt channel Read.map" -Wl,--gc-sections -static --specs=nano.specs -mfpu=fpv4-sp-d16 -mfloat-abi=hard -mthumb -Wl,--start-group -lc -lm -Wl,--end-group
Finished building target: ADC Multiplt channel Read.elf
 
arm-none-eabi-size   ADC\ Multiplt\ channel\ Read.elf 
arm-none-eabi-objdump -h -S  ADC\ Multiplt\ channel\ Read.elf  > "ADC Multiplt channel Read.list"
   text	   data	    bss	    dec	    hex	filename
  15484	    120	   1920	  17524	   4474	ADC Multiplt channel Read.elf
Finished building: default.size.stdout
 
Finished building: ADC Multiplt channel Read.list
 

01:07:14 Build Finished. 0 errors, 0 warnings. (took 2s.567ms)

