22:24:51 **** Incremental Build of configuration Debug for project FreeRTOS_Bin_Semaphore ****
make -j12 all 
arm-none-eabi-gcc "../Core/Src/main.c" -mcpu=cortex-m4 -std=gnu11 -g3 -DDEBUG -DUSE_HAL_DRIVER -DSTM32F446xx -c -I../Core/Inc -I../Drivers/STM32F4xx_HAL_Driver/Inc -I../Drivers/STM32F4xx_HAL_Driver/Inc/Legacy -I../Drivers/CMSIS/Device/ST/STM32F4xx/Include -I../Drivers/CMSIS/Include -I../Middlewares/Third_Party/FreeRTOS/Source/include -I../Middlewares/Third_Party/FreeRTOS/Source/CMSIS_RTOS -I../Middlewares/Third_Party/FreeRTOS/Source/portable/GCC/ARM_CM4F -O0 -ffunction-sections -fdata-sections -Wall -fstack-usage -fcyclomatic-complexity -MMD -MP -MF"Core/Src/main.d" -MT"Core/Src/main.o" --specs=nano.specs -mfpu=fpv4-sp-d16 -mfloat-abi=hard -mthumb -o "Core/Src/main.o"
arm-none-eabi-gcc -o "FreeRTOS_Bin_Semaphore.elf" @"objects.list"   -mcpu=cortex-m4 -T"C:\Users\Sofcon_Lab2\STM32CubeIDE\workspace_1.12.1\FreeRTOS_Bin_Semaphore\STM32F446RETX_FLASH.ld" --specs=nosys.specs -Wl,-Map="FreeRTOS_Bin_Semaphore.map" -Wl,--gc-sections -static --specs=nano.specs -mfpu=fpv4-sp-d16 -mfloat-abi=hard -mthumb -Wl,--start-group -lc -lm -Wl,--end-group
Finished building target: FreeRTOS_Bin_Semaphore.elf
 
arm-none-eabi-size   FreeRTOS_Bin_Semaphore.elf 
arm-none-eabi-objdump -h -S  FreeRTOS_Bin_Semaphore.elf  > "FreeRTOS_Bin_Semaphore.list"
   text	   data	    bss	    dec	    hex	filename
  22316	    124	  18124	  40564	   9e74	FreeRTOS_Bin_Semaphore.elf
Finished building: default.size.stdout
 
Finished building: FreeRTOS_Bin_Semaphore.list
 

22:24:52 Build Finished. 0 errors, 0 warnings. (took 801ms)

