22:49:29 **** Incremental Build of configuration Debug for project gy-521 ****
make -j12 all 
arm-none-eabi-gcc "../Core/Src/main.c" -mcpu=cortex-m4 -std=gnu11 -g3 -DDEBUG -DUSE_HAL_DRIVER -DSTM32F446xx -c -I../Core/Inc -I../Drivers/STM32F4xx_HAL_Driver/Inc -I../Drivers/STM32F4xx_HAL_Driver/Inc/Legacy -I../Drivers/CMSIS/Device/ST/STM32F4xx/Include -I../Drivers/CMSIS/Include -O0 -ffunction-sections -fdata-sections -Wall -fstack-usage -fcyclomatic-complexity -MMD -MP -MF"Core/Src/main.d" -MT"Core/Src/main.o" --specs=nano.specs -mfpu=fpv4-sp-d16 -mfloat-abi=hard -mthumb -o "Core/Src/main.o"
arm-none-eabi-gcc -o "gy-521.elf" @"objects.list"   -mcpu=cortex-m4 -T"C:\Users\Sofcon_Lab2\STM32CubeIDE\workspace_1.12.1\gy-521\STM32F446RETX_FLASH.ld" --specs=nosys.specs -Wl,-Map="gy-521.map" -Wl,--gc-sections -static --specs=nano.specs -mfpu=fpv4-sp-d16 -mfloat-abi=hard -mthumb -Wl,--start-group -lc -lm -Wl,--end-group
Finished building target: gy-521.elf
 
arm-none-eabi-size   gy-521.elf 
arm-none-eabi-objdump -h -S  gy-521.elf  > "gy-521.list"
   text	   data	    bss	    dec	    hex	filename
   9872	     20	   1660	  11552	   2d20	gy-521.elf
Finished building: default.size.stdout
 
Finished building: gy-521.list
 

22:49:30 Build Finished. 0 errors, 0 warnings. (took 722ms)

