01:07:39 **** Build of configuration Debug for project I2C_STM32_RX_Arduino_TX_IT ****
make -j12 all 
arm-none-eabi-gcc "../Core/Src/main.c" -mcpu=cortex-m4 -std=gnu11 -g3 -DDEBUG -DUSE_HAL_DRIVER -DSTM32F446xx -c -I../Core/Inc -I../Drivers/STM32F4xx_HAL_Driver/Inc -I../Drivers/STM32F4xx_HAL_Driver/Inc/Legacy -I../Drivers/CMSIS/Device/ST/STM32F4xx/Include -I../Drivers/CMSIS/Include -O0 -ffunction-sections -fdata-sections -Wall -fstack-usage -fcyclomatic-complexity -MMD -MP -MF"Core/Src/main.d" -MT"Core/Src/main.o" --specs=nano.specs -mfpu=fpv4-sp-d16 -mfloat-abi=hard -mthumb -o "Core/Src/main.o"
arm-none-eabi-gcc -o "I2C_STM32_RX_Arduino_TX_IT.elf" @"objects.list"   -mcpu=cortex-m4 -T"C:\Users\Sofcon_Lab2\STM32CubeIDE\workspace_1.12.1\I2C_STM32_RX_Arduino_TX_IT\STM32F446RETX_FLASH.ld" --specs=nosys.specs -Wl,-Map="I2C_STM32_RX_Arduino_TX_IT.map" -Wl,--gc-sections -static --specs=nano.specs -mfpu=fpv4-sp-d16 -mfloat-abi=hard -mthumb -Wl,--start-group -lc -lm -Wl,--end-group
Finished building target: I2C_STM32_RX_Arduino_TX_IT.elf
 
arm-none-eabi-size   I2C_STM32_RX_Arduino_TX_IT.elf 
arm-none-eabi-objdump -h -S  I2C_STM32_RX_Arduino_TX_IT.elf  > "I2C_STM32_RX_Arduino_TX_IT.list"
   text	   data	    bss	    dec	    hex	filename
  16564	     20	   1748	  18332	   479c	I2C_STM32_RX_Arduino_TX_IT.elf
Finished building: default.size.stdout
 
Finished building: I2C_STM32_RX_Arduino_TX_IT.list
 

01:07:40 Build Finished. 0 errors, 0 warnings. (took 1s.28ms)

