01:07:41 **** Build of configuration Debug for project Keypad_Interface_LCD ****
make -j12 all 
arm-none-eabi-gcc "../Core/Src/main.c" -mcpu=cortex-m4 -std=gnu11 -g3 -DDEBUG -DUSE_HAL_DRIVER -DSTM32F446xx -c -I../Core/Inc -I../Drivers/STM32F4xx_HAL_Driver/Inc -I../Drivers/STM32F4xx_HAL_Driver/Inc/Legacy -I../Drivers/CMSIS/Device/ST/STM32F4xx/Include -I../Drivers/CMSIS/Include -O0 -ffunction-sections -fdata-sections -Wall -fstack-usage -fcyclomatic-complexity -MMD -MP -MF"Core/Src/main.d" -MT"Core/Src/main.o" --specs=nano.specs -mfpu=fpv4-sp-d16 -mfloat-abi=hard -mthumb -o "Core/Src/main.o"
arm-none-eabi-gcc -o "Keypad_Interface_LCD.elf" @"objects.list"   -mcpu=cortex-m4 -T"C:\Users\Sofcon_Lab2\STM32CubeIDE\workspace_1.12.1\Keypad_Interface_LCD\STM32F446RETX_FLASH.ld" --specs=nosys.specs -Wl,-Map="Keypad_Interface_LCD.map" -Wl,--gc-sections -static --specs=nano.specs -mfpu=fpv4-sp-d16 -mfloat-abi=hard -mthumb -Wl,--start-group -lc -lm -Wl,--end-group
Finished building target: Keypad_Interface_LCD.elf
 
arm-none-eabi-size   Keypad_Interface_LCD.elf 
arm-none-eabi-objdump -h -S  Keypad_Interface_LCD.elf  > "Keypad_Interface_LCD.list"
   text	   data	    bss	    dec	    hex	filename
   9932	     20	   1652	  11604	   2d54	Keypad_Interface_LCD.elf
Finished building: default.size.stdout
 
Finished building: Keypad_Interface_LCD.list
 

01:07:42 Build Finished. 0 errors, 0 warnings. (took 903ms)

