01:08:09 **** Build of configuration Debug for project mpu6050_test ****
make -j12 all 
arm-none-eabi-gcc "../Core/Src/main.c" -mcpu=cortex-m4 -std=gnu11 -g3 -DDEBUG -DUSE_HAL_DRIVER -DSTM32F446xx -c -I../Core/Inc -I../Drivers/STM32F4xx_HAL_Driver/Inc -I../Drivers/STM32F4xx_HAL_Driver/Inc/Legacy -I../Drivers/CMSIS/Device/ST/STM32F4xx/Include -I../Drivers/CMSIS/Include -O0 -ffunction-sections -fdata-sections -Wall -fstack-usage -fcyclomatic-complexity -MMD -MP -MF"Core/Src/main.d" -MT"Core/Src/main.o" --specs=nano.specs -mfpu=fpv4-sp-d16 -mfloat-abi=hard -mthumb -o "Core/Src/main.o"
arm-none-eabi-gcc -o "mpu6050_test.elf" @"objects.list"   -mcpu=cortex-m4 -T"C:\Users\Sofcon_Lab2\STM32CubeIDE\workspace_1.12.1\mpu6050_test\STM32F446RETX_FLASH.ld" --specs=nosys.specs -Wl,-Map="mpu6050_test.map" -Wl,--gc-sections -static --specs=nano.specs -mfpu=fpv4-sp-d16 -mfloat-abi=hard -mthumb -Wl,--start-group -lc -lm -Wl,--end-group
Finished building target: mpu6050_test.elf
 
arm-none-eabi-size   mpu6050_test.elf 
arm-none-eabi-objdump -h -S  mpu6050_test.elf  > "mpu6050_test.list"
   text	   data	    bss	    dec	    hex	filename
  11972	     20	   1724	  13716	   3594	mpu6050_test.elf
Finished building: default.size.stdout
 
Finished building: mpu6050_test.list
 

01:08:10 Build Finished. 0 errors, 0 warnings. (took 969ms)

