21:16:13 **** Incremental Build of configuration Debug for project STM32F401RE_EXT13_INT_CallBack ****
make -j12 all 
arm-none-eabi-gcc "../Core/Src/main.c" -mcpu=cortex-m4 -std=gnu11 -g3 -DDEBUG -DUSE_HAL_DRIVER -DSTM32F401xE -c -I../Core/Inc -I../Drivers/STM32F4xx_HAL_Driver/Inc -I../Drivers/STM32F4xx_HAL_Driver/Inc/Legacy -I../Drivers/CMSIS/Device/ST/STM32F4xx/Include -I../Drivers/CMSIS/Include -O0 -ffunction-sections -fdata-sections -Wall -fstack-usage -fcyclomatic-complexity -MMD -MP -MF"Core/Src/main.d" -MT"Core/Src/main.o" --specs=nano.specs -mfpu=fpv4-sp-d16 -mfloat-abi=hard -mthumb -o "Core/Src/main.o"
arm-none-eabi-gcc -o "STM32F401RE_EXT13_INT_CallBack.elf" @"objects.list"   -mcpu=cortex-m4 -T"C:\Users\Sofcon_Lab2\STM32CubeIDE\workspace_1.12.1\STM32F401RE_EXT13_INT_CallBack\STM32F401RETX_FLASH.ld" --specs=nosys.specs -Wl,-Map="STM32F401RE_EXT13_INT_CallBack.map" -Wl,--gc-sections -static --specs=nano.specs -mfpu=fpv4-sp-d16 -mfloat-abi=hard -mthumb -Wl,--start-group -lc -lm -Wl,--end-group
Finished building target: STM32F401RE_EXT13_INT_CallBack.elf
 
arm-none-eabi-size   STM32F401RE_EXT13_INT_CallBack.elf 
arm-none-eabi-objdump -h -S  STM32F401RE_EXT13_INT_CallBack.elf  > "STM32F401RE_EXT13_INT_CallBack.list"
arm-none-eabi-objcopy  -O ihex  STM32F401RE_EXT13_INT_CallBack.elf  "STM32F401RE_EXT13_INT_CallBack.hex"
arm-none-eabi-objcopy  -O binary  STM32F401RE_EXT13_INT_CallBack.elf  "STM32F401RE_EXT13_INT_CallBack.bin"
   text	   data	    bss	    dec	    hex	filename
   5928	     20	   1572	   7520	   1d60	STM32F401RE_EXT13_INT_CallBack.elf
Finished building: default.size.stdout
 
Finished building: STM32F401RE_EXT13_INT_CallBack.hex
Finished building: STM32F401RE_EXT13_INT_CallBack.bin
 
 
Finished building: STM32F401RE_EXT13_INT_CallBack.list
 

21:16:14 Build Finished. 0 errors, 0 warnings. (took 663ms)

