04:11:43 **** Incremental Build of configuration Debug for project test_adc_dma ****
make -j12 all 
arm-none-eabi-gcc "../Core/Src/stm32f4xx_hal_msp.c" -mcpu=cortex-m4 -std=gnu11 -g3 -DDEBUG -DUSE_HAL_DRIVER -DSTM32F446xx -c -I../Core/Inc -I../Drivers/STM32F4xx_HAL_Driver/Inc -I../Drivers/STM32F4xx_HAL_Driver/Inc/Legacy -I../Drivers/CMSIS/Device/ST/STM32F4xx/Include -I../Drivers/CMSIS/Include -O0 -ffunction-sections -fdata-sections -Wall -fstack-usage -fcyclomatic-complexity -MMD -MP -MF"Core/Src/stm32f4xx_hal_msp.d" -MT"Core/Src/stm32f4xx_hal_msp.o" --specs=nano.specs -mfpu=fpv4-sp-d16 -mfloat-abi=hard -mthumb -o "Core/Src/stm32f4xx_hal_msp.o"
arm-none-eabi-gcc -o "test_adc_dma.elf" @"objects.list"   -mcpu=cortex-m4 -T"C:\Users\Sofcon_Lab2\STM32CubeIDE\workspace_1.12.1\test_adc_dma\STM32F446RETX_FLASH.ld" --specs=nosys.specs -Wl,-Map="test_adc_dma.map" -Wl,--gc-sections -static --specs=nano.specs -mfpu=fpv4-sp-d16 -mfloat-abi=hard -mthumb -Wl,--start-group -lc -lm -Wl,--end-group
Finished building target: test_adc_dma.elf
 
arm-none-eabi-size   test_adc_dma.elf 
arm-none-eabi-objdump -h -S  test_adc_dma.elf  > "test_adc_dma.list"
   text	   data	    bss	    dec	    hex	filename
  13580	     20	   1820	  15420	   3c3c	test_adc_dma.elf
Finished building: default.size.stdout
 
Finished building: test_adc_dma.list
 

04:11:43 Build Finished. 0 errors, 0 warnings. (took 780ms)

