21:42:53 **** Incremental Build of configuration Debug for project Timer_L412KB ****
make -j12 all 
arm-none-eabi-gcc "../Core/Src/main.c" -mcpu=cortex-m4 -std=gnu11 -g3 -DDEBUG -DUSE_HAL_DRIVER -DSTM32L412xx -c -I../Core/Inc -I../Drivers/STM32L4xx_HAL_Driver/Inc -I../Drivers/STM32L4xx_HAL_Driver/Inc/Legacy -I../Drivers/CMSIS/Device/ST/STM32L4xx/Include -I../Drivers/CMSIS/Include -O0 -ffunction-sections -fdata-sections -Wall -fstack-usage -fcyclomatic-complexity -MMD -MP -MF"Core/Src/main.d" -MT"Core/Src/main.o" --specs=nano.specs -mfpu=fpv4-sp-d16 -mfloat-abi=hard -mthumb -o "Core/Src/main.o"
arm-none-eabi-gcc -o "Timer_L412KB.elf" @"objects.list"   -mcpu=cortex-m4 -T"C:\Users\Sofcon_Lab2\STM32CubeIDE\workspace_1.12.1\Timer_L412KB\STM32L412KBUX_FLASH.ld" --specs=nosys.specs -Wl,-Map="Timer_L412KB.map" -Wl,--gc-sections -static --specs=nano.specs -mfpu=fpv4-sp-d16 -mfloat-abi=hard -mthumb -Wl,--start-group -lc -lm -Wl,--end-group
Finished building target: Timer_L412KB.elf
 
arm-none-eabi-size   Timer_L412KB.elf 
arm-none-eabi-objdump -h -S  Timer_L412KB.elf  > "Timer_L412KB.list"
   text	   data	    bss	    dec	    hex	filename
   8772	     20	   1644	  10436	   28c4	Timer_L412KB.elf
Finished building: default.size.stdout
 
Finished building: Timer_L412KB.list
 

21:42:54 Build Finished. 0 errors, 0 warnings. (took 595ms)

