01:46:59 **** Incremental Build of configuration Debug for project tset ****
make -j12 all 
arm-none-eabi-gcc "../Core/Src/main.c" -mcpu=cortex-m4 -std=gnu11 -g3 -DDEBUG -DUSE_HAL_DRIVER -DSTM32F407xx -c -I../Core/Inc -I../Drivers/STM32F4xx_HAL_Driver/Inc -I../Drivers/STM32F4xx_HAL_Driver/Inc/Legacy -I../Drivers/CMSIS/Device/ST/STM32F4xx/Include -I../Drivers/CMSIS/Include -O0 -ffunction-sections -fdata-sections -Wall -fstack-usage -fcyclomatic-complexity -MMD -MP -MF"Core/Src/main.d" -MT"Core/Src/main.o" --specs=nano.specs -mfpu=fpv4-sp-d16 -mfloat-abi=hard -mthumb -o "Core/Src/main.o"
arm-none-eabi-gcc -o "tset.elf" @"objects.list"   -mcpu=cortex-m4 -T"C:\Users\Sofcon_Lab2\STM32CubeIDE\workspace_1.12.1\tset\STM32F407VGTX_FLASH.ld" --specs=nosys.specs -Wl,-Map="tset.map" -Wl,--gc-sections -static --specs=nano.specs -mfpu=fpv4-sp-d16 -mfloat-abi=hard -mthumb -Wl,--start-group -lc -lm -Wl,--end-group
Finished building target: tset.elf
 
arm-none-eabi-size   tset.elf 
arm-none-eabi-objdump -h -S  tset.elf  > "tset.list"
   text	   data	    bss	    dec	    hex	filename
   5884	     20	   1572	   7476	   1d34	tset.elf
Finished building: default.size.stdout
 
Finished building: tset.list
 

01:47:00 Build Finished. 0 errors, 0 warnings. (took 595ms)

