04:04:53 **** Build of configuration Debug for project UART_INT_TX ****
make -j12 all 
arm-none-eabi-gcc "../Core/Src/main.c" -mcpu=cortex-m4 -std=gnu11 -g3 -DDEBUG -DUSE_HAL_DRIVER -DSTM32F446xx -c -I../Core/Inc -I../Drivers/STM32F4xx_HAL_Driver/Inc -I../Drivers/STM32F4xx_HAL_Driver/Inc/Legacy -I../Drivers/CMSIS/Device/ST/STM32F4xx/Include -I../Drivers/CMSIS/Include -O0 -ffunction-sections -fdata-sections -Wall -fstack-usage -fcyclomatic-complexity -MMD -MP -MF"Core/Src/main.d" -MT"Core/Src/main.o" --specs=nano.specs -mfpu=fpv4-sp-d16 -mfloat-abi=hard -mthumb -o "Core/Src/main.o"
arm-none-eabi-gcc -o "UART_INT_TX.elf" @"objects.list"   -mcpu=cortex-m4 -T"C:\Users\Sofcon_Lab2\STM32CubeIDE\workspace_1.12.1\UART_INT_TX\STM32F446RETX_FLASH.ld" --specs=nosys.specs -Wl,-Map="UART_INT_TX.map" -Wl,--gc-sections -static --specs=nano.specs -mfpu=fpv4-sp-d16 -mfloat-abi=hard -mthumb -Wl,--start-group -lc -lm -Wl,--end-group
Finished building target: UART_INT_TX.elf
 
arm-none-eabi-size   UART_INT_TX.elf 
arm-none-eabi-objdump -h -S  UART_INT_TX.elf  > "UART_INT_TX.list"
   text	   data	    bss	    dec	    hex	filename
  11932	     40	   1728	  13700	   3584	UART_INT_TX.elf
Finished building: default.size.stdout
 
Finished building: UART_INT_TX.list
 

04:04:54 Build Finished. 0 errors, 0 warnings. (took 966ms)

