../Core/Src/main.c:76:5:main	128	static
../Core/Src/main.c:160:6:SystemClock_Config	88	static
../Core/Src/main.c:208:13:MX_USART2_UART_Init	8	static
../Core/Src/main.c:241:13:MX_GPIO_Init	48	static
../Core/Src/main.c:284:6:StartDefaultTask	16	static
../Core/Src/main.c:302:6:StartTask02	16	static
../Core/Src/main.c:320:6:StartTask03	16	static
../Core/Src/main.c:338:6:StartTask04	16	static
../Core/Src/main.c:357:6:HAL_TIM_PeriodElapsedCallback	16	static
../Core/Src/main.c:374:6:Error_Handler	4	static,ignoring_inline_asm
