../Core/Src/main.c:110:5:main	8	static
../Core/Src/main.c:178:6:SystemClock_Config	88	static
../Core/Src/main.c:226:13:MX_ADC1_Init	24	static
../Core/Src/main.c:278:13:MX_USART2_UART_Init	8	static
../Core/Src/main.c:311:13:MX_GPIO_Init	48	static
../Core/Src/main.c:366:6:Data_Write	24	static
../Core/Src/main.c:381:6:LCD_Data_Write	16	static
../Core/Src/main.c:392:6:LCD_Command_Write	16	static
../Core/Src/main.c:404:6:LCD_String_Write	16	static
../Core/Src/main.c:412:6:LCD_Initialize	8	static
../Core/Src/main.c:422:6:LCD_Location	16	static
../Core/Src/main.c:440:6:Error_Handler	4	static,ignoring_inline_asm
