../Core/Src/main.c:73:5:main	8	static
../Core/Src/main.c:117:6:SystemClock_Config	88	static
../Core/Src/main.c:159:13:MX_GPIO_Init	40	static
../Core/Src/main.c:209:6:Calculator	64	static
../Core/Src/main.c:308:6:DataByte_Write	16	static
../Core/Src/main.c:316:6:LCD_Cmd	16	static
../Core/Src/main.c:327:6:LCD_Data	16	static
../Core/Src/main.c:338:6:LCD_Init	8	static
../Core/Src/main.c:348:6:LCD_String	16	static
../Core/Src/main.c:355:9:Read_Keypad	8	static
../Core/Src/main.c:497:6:Error_Handler	4	static,ignoring_inline_asm
