../Core/Src/main.c:110:5:main	32	static
../Core/Src/main.c:136:6:LCD_Send_Higher_Nib	24	static
../Core/Src/main.c:146:6:LCD_Send_Lower_Nib	24	static
../Core/Src/main.c:155:6:LCD_Init	8	static
../Core/Src/main.c:161:6:LCD_SendCommand	16	static
../Core/Src/main.c:178:6:LCD_SendData	16	static
../Core/Src/main.c:194:6:LCD_Clear	8	static
../Core/Src/main.c:198:6:LCD_WriteString	16	static
../Core/Src/main.c:211:6:SystemClock_Config	88	static
../Core/Src/main.c:259:13:MX_USART2_UART_Init	8	static
../Core/Src/main.c:292:13:MX_GPIO_Init	48	static
../Core/Src/main.c:345:6:Error_Handler	4	static,ignoring_inline_asm
