../Core/Src/main.c:73:6:HAL_CAN_TxMailbox0CompleteCallback	16	static
../Core/Src/main.c:78:6:HAL_CAN_RxFifo0MsgPendingCallback	16	static
../Core/Src/main.c:83:6:HAL_CAN_TxMailbox0AbortCallback	16	static
../Core/Src/main.c:99:5:main	8	static
../Core/Src/main.c:158:6:SystemClock_Config	88	static
../Core/Src/main.c:213:13:MX_CAN1_Init	48	static
../Core/Src/main.c:267:13:MX_USART2_UART_Init	8	static
../Core/Src/main.c:300:13:MX_GPIO_Init	48	static
../Core/Src/main.c:344:6:Error_Handler	4	static,ignoring_inline_asm
