../Core/Src/main.c:66:6:Task1_Process	8	static
../Core/Src/main.c:72:6:Task2_Process	8	static
../Core/Src/main.c:78:6:Task3_Process	8	static
../Core/Src/main.c:85:6:Task4_Process	8	static
../Core/Src/main.c:91:6:Task5_Process	8	static
../Core/Src/main.c:107:5:main	160	static
../Core/Src/main.c:195:6:SystemClock_Config	88	static
../Core/Src/main.c:249:13:MX_USART2_UART_Init	8	static
../Core/Src/main.c:282:13:MX_GPIO_Init	48	static
../Core/Src/main.c:335:6:Task1_init	16	static
../Core/Src/main.c:354:6:Task2_init	16	static
../Core/Src/main.c:373:6:Task3_init	16	static
../Core/Src/main.c:392:6:Task4_init	16	static
../Core/Src/main.c:411:6:Task5_init	16	static
../Core/Src/main.c:431:6:HAL_TIM_PeriodElapsedCallback	16	static
../Core/Src/main.c:448:6:Error_Handler	4	static,ignoring_inline_asm
