../Core/Src/main.c:103:5:main	8	static
../Core/Src/main.c:149:6:SystemClock_Config	88	static
../Core/Src/main.c:197:13:MX_USART2_UART_Init	8	static
../Core/Src/main.c:230:13:MX_GPIO_Init	48	static
../Core/Src/main.c:288:6:Data_Write	24	static
../Core/Src/main.c:303:6:LCD_Data_Write	16	static
../Core/Src/main.c:315:6:LCD_Command_Write	16	static
../Core/Src/main.c:328:6:LCD_String_Write	16	static
../Core/Src/main.c:336:6:LCD_Initialize	8	static
../Core/Src/main.c:346:6:LCD_Location	16	static
../Core/Src/main.c:364:6:Error_Handler	4	static,ignoring_inline_asm
