../Core/Src/main.c:120:5:main	8	static
../Core/Src/main.c:215:6:SystemClock_Config	88	static
../Core/Src/main.c:263:13:MX_ADC1_Init	24	static
../Core/Src/main.c:315:13:MX_ADC2_Init	24	static
../Core/Src/main.c:367:13:MX_ADC3_Init	24	static
../Core/Src/main.c:419:13:MX_USART2_UART_Init	8	static
../Core/Src/main.c:452:13:MX_GPIO_Init	48	static
../Core/Src/main.c:513:6:Data_Write	24	static
../Core/Src/main.c:529:6:LCD_Data_Write	16	static
../Core/Src/main.c:542:6:LCD_Command_Write	16	static
../Core/Src/main.c:556:6:LCD_String_Write	16	static
../Core/Src/main.c:566:6:LCD_Initialize	8	static
../Core/Src/main.c:576:6:LCD_Location	16	static
../Core/Src/main.c:594:6:Error_Handler	4	static,ignoring_inline_asm
