../Core/Src/main.c:132:5:main	8	static
../Core/Src/main.c:176:6:LCD_Send_Byte	24	static
../Core/Src/main.c:191:6:LCD_Initialize	8	static
../Core/Src/main.c:199:6:LCD_WriteCommand	16	static
../Core/Src/main.c:209:6:LCD_WriteData	16	static
../Core/Src/main.c:219:6:LCD_WriteString	16	static
../Core/Src/main.c:225:6:LCD_Location	16	static
../Core/Src/main.c:239:6:SystemClock_Config	88	static
../Core/Src/main.c:287:13:MX_USART2_UART_Init	8	static
../Core/Src/main.c:320:13:MX_GPIO_Init	48	static
../Core/Src/main.c:376:6:Error_Handler	4	static,ignoring_inline_asm
