../Core/Src/ili9341.c:5:13:ILI9341_Select	8	static
../Core/Src/ili9341.c:9:6:ILI9341_Unselect	8	static
../Core/Src/ili9341.c:13:13:ILI9341_Reset	8	static
../Core/Src/ili9341.c:19:13:ILI9341_WriteCommand	16	static
../Core/Src/ili9341.c:25:13:ILI9341_WriteData	24	static
../Core/Src/ili9341.c:38:13:ILI9341_SetAddressWindow	32	static
../Core/Src/ili9341.c:57:6:ILI9341_Init	120	static
../Core/Src/ili9341.c:212:6:ILI9341_DrawPixel	24	static
../Core/Src/ili9341.c:225:13:ILI9341_WriteChar	48	static
../Core/Src/ili9341.c:244:6:ILI9341_WriteString	32	static
../Core/Src/ili9341.c:270:6:ILI9341_FillRectangle	32	static
../Core/Src/ili9341.c:291:6:ILI9341_FillScreen	24	static
../Core/Src/ili9341.c:295:6:ILI9341_DrawImage	24	static
../Core/Src/ili9341.c:306:6:ILI9341_InvertColors	16	static
