../Core/Src/main.c:54:6:WriteByte	16	static
../Core/Src/main.c:62:6:GLCD_WriteDataByte	16	static
../Core/Src/main.c:73:6:GLCD_WriteCmdByte	16	static
../Core/Src/main.c:84:6:GLCD_Initialize	8	static
../Core/Src/main.c:103:6:GLCD_PageSelect	16	static
../Core/Src/main.c:130:6:GLCD_PrintChar	24	static
../Core/Src/main.c:139:6:GLCD_SetCursor	16	static
../Core/Src/main.c:145:6:GLCD_PrintString	32	static
../Core/Src/main.c:161:6:GLCD_WriteFullString	24	static
../Core/Src/main.c:217:5:main	8	static
../Core/Src/main.c:265:6:SystemClock_Config	88	static
../Core/Src/main.c:307:13:MX_GPIO_Init	40	static
../Core/Src/main.c:350:6:Error_Handler	4	static,ignoring_inline_asm
