../Core/Src/main.c:76:5:main	16	static
../Core/Src/main.c:144:6:SystemClock_Config	88	static
../Core/Src/main.c:192:13:MX_USART2_UART_Init	8	static
../Core/Src/main.c:225:13:MX_GPIO_Init	48	static
../Core/Src/main.c:292:6:LCD_Initialize	8	static
../Core/Src/main.c:304:6:LCD_WriteCommand	24	static
../Core/Src/main.c:319:6:LCD_WriteData	24	static
../Core/Src/main.c:335:6:LCD_WriteString	16	static
../Core/Src/main.c:344:9:Read_Keypad	8	static
../Core/Src/main.c:612:6:Error_Handler	4	static,ignoring_inline_asm
